INFO   - Compiling source file: C:\Users\laza\Desktop\PP\MicroJavaCompailer\test\test301.mj
INFO   - #2 program
INFO   - #48 test301
INFO   - #7 const
INFO   - #48 int
INFO   - #48 jedan
INFO   - #17 =
INFO   - #47 1
INFO   - #38 ;
INFO   - Ubacena nova konstanta: 'jedan' vrednosti = 1
INFO   - #7 const
INFO   - #48 int
INFO   - #48 pet
INFO   - #17 =
INFO   - #47 5
INFO   - #38 ;
INFO   - Ubacena nova konstanta: 'pet' vrednosti = 5
INFO   - #48 int
INFO   - #48 niz
INFO   - #44 [
INFO   - #45 ]
INFO   - #38 ;
INFO   - (7) Ubacen novi niz: (globalna) promenljiva sa imenom 'niz'
INFO   - #48 char
INFO   - #48 nizch
INFO   - #44 [
INFO   - #45 ]
INFO   - #38 ;
INFO   - (9) Ubacen novi niz: (globalna) promenljiva sa imenom 'nizch'
INFO   - #42 {
INFO   - #6 void
INFO   - #48 main
INFO   - #40 (
INFO   - (12) Obradjuje se  lokalna funkcija 'main'
INFO   - #41 )
INFO   - #48 int
INFO   - #48 bodovi
INFO   - #38 ;
INFO   - (12) Ubacena: (lokalna) promenljiva za funkciju main sa imenom 'bodovi'
INFO   - #42 {
INFO   - #48 bodovi
INFO   - #17 =
INFO   - (15) Koriscenje (lokalna) promenljive 'bodovi'  tipa: int
INFO   - #47 0
INFO   - #38 ;
INFO   - Izvrena operacija = (assignop)
INFO   - #48 bodovi
INFO   - #36 ++
INFO   - (16) Koriscenje (lokalna) promenljive 'bodovi'  tipa: int
INFO   - #38 ;
INFO   - #48 bodovi
INFO   - #17 =
INFO   - (17) Koriscenje (lokalna) promenljive 'bodovi'  tipa: int
INFO   - #48 bodovi
INFO   - #18 +
INFO   - (17) Koriscenje (lokalna) promenljive 'bodovi'  tipa: int
INFO   - #48 jedan
INFO   - #38 ;
INFO   - (17) Koriscenje konstante 'jedan'  tipa: int
INFO   - Izvrena operacija = (assignop)
INFO   - #48 bodovi
INFO   - #31 +=
INFO   - (18) Koriscenje (lokalna) promenljive 'bodovi'  tipa: int
INFO   - #48 bodovi
INFO   - #33 *=
INFO   - (18) Koriscenje (lokalna) promenljive 'bodovi'  tipa: int
INFO   - #48 pet
DOAO NA STEK: bodovi
INFO   - #38 ;
INFO   - (18) Koriscenje konstante 'pet'  tipa: int
INFO   - Izvrena operacija = (assignop)
INFO   - #48 bodovi
INFO   - #37 --
INFO   - (19) Koriscenje (lokalna) promenljive 'bodovi'  tipa: int
INFO   - #38 ;
INFO   - #13 print
INFO   - #40 (
INFO   - #48 bodovi
INFO   - #41 )
INFO   - (20) Koriscenje (lokalna) promenljive 'bodovi'  tipa: int
INFO   - #38 ;
INFO   - #48 niz
INFO   - #17 =
INFO   - (23) Koriscenje (globalna) niza 'niz'  tipa: array
INFO   - #15 new
INFO   - #48 int
INFO   - #44 [
INFO   - #47 2
INFO   - #45 ]
INFO   - #38 ;
INFO   - Izvrena operacija = (assignop)
INFO   - #48 niz
INFO   - #44 [
INFO   - (24) Koriscenje (globalna) niza 'niz'  tipa: array
INFO   - #47 0
INFO   - #45 ]
INFO   - #17 =
INFO   - #48 pet
INFO   - #38 ;
INFO   - (24) Koriscenje konstante 'pet'  tipa: int
INFO   - Izvrena operacija = (assignop)
INFO   - #48 niz
INFO   - #44 [
INFO   - (25) Koriscenje (globalna) niza 'niz'  tipa: array
INFO   - #47 1
INFO   - #45 ]
INFO   - #17 =
INFO   - #47 10
INFO   - #38 ;
INFO   - Izvrena operacija = (assignop)
INFO   - #48 bodovi
INFO   - #17 =
INFO   - (26) Koriscenje (lokalna) promenljive 'bodovi'  tipa: int
INFO   - #40 (
INFO   - #48 niz
INFO   - #44 [
INFO   - (26) Koriscenje (globalna) niza 'niz'  tipa: array
INFO   - #47 1
INFO   - #45 ]
INFO   - #34 /=
INFO   - #48 niz
DOAO NA STEK: niz[]
INFO   - #44 [
INFO   - (26) Koriscenje (globalna) niza 'niz'  tipa: array
INFO   - #47 0
INFO   - #45 ]
INFO   - #41 )
INFO   - #38 ;
INFO   - Izvrena operacija = (assignop)
INFO   - #13 print
INFO   - #40 (
INFO   - #48 bodovi
INFO   - #41 )
INFO   - (27) Koriscenje (lokalna) promenljive 'bodovi'  tipa: int
INFO   - #38 ;
INFO   - #13 print
INFO   - #40 (
INFO   - #48 niz
INFO   - #44 [
INFO   - (28) Koriscenje (globalna) niza 'niz'  tipa: array
INFO   - #47 1
INFO   - #45 ]
INFO   - #41 )
INFO   - #38 ;
INFO   - #48 nizch
INFO   - #17 =
INFO   - (31) Koriscenje (globalna) niza 'nizch'  tipa: array
INFO   - #15 new
INFO   - #48 char
INFO   - #44 [
INFO   - #47 3
INFO   - #45 ]
INFO   - #38 ;
INFO   - Izvrena operacija = (assignop)
INFO   - #48 nizch
INFO   - #44 [
INFO   - (32) Koriscenje (globalna) niza 'nizch'  tipa: array
INFO   - #47 0
INFO   - #45 ]
INFO   - #17 =
INFO   - #50 'a'
INFO   - #38 ;
INFO   - Izvrena operacija = (assignop)
INFO   - #48 nizch
INFO   - #44 [
INFO   - (33) Koriscenje (globalna) niza 'nizch'  tipa: array
INFO   - #48 jedan
INFO   - #45 ]
INFO   - (33) Koriscenje konstante 'jedan'  tipa: int
INFO   - #17 =
INFO   - #50 'b'
INFO   - #38 ;
INFO   - Izvrena operacija = (assignop)
INFO   - #48 nizch
INFO   - #44 [
INFO   - (34) Koriscenje (globalna) niza 'nizch'  tipa: array
INFO   - #48 pet
INFO   - #19 -
INFO   - (34) Koriscenje konstante 'pet'  tipa: int
INFO   - #47 3
INFO   - #45 ]
INFO   - #17 =
INFO   - #50 'c'
INFO   - #38 ;
INFO   - Izvrena operacija = (assignop)
INFO   - #13 print
INFO   - #40 (
INFO   - #48 nizch
INFO   - #44 [
INFO   - (35) Koriscenje (globalna) niza 'nizch'  tipa: array
INFO   - #47 2
INFO   - #19 -
INFO   - #47 1
INFO   - #45 ]
INFO   - #41 )
INFO   - #38 ;
INFO   - #13 print
INFO   - #40 (
INFO   - #48 nizch
INFO   - #44 [
INFO   - (36) Koriscenje (globalna) niza 'nizch'  tipa: array
INFO   - #48 jedan
INFO   - #20 *
INFO   - (36) Koriscenje konstante 'jedan'  tipa: int
INFO   - #47 2
INFO   - #45 ]
INFO   - #41 )
INFO   - #38 ;
INFO   - #48 bodovi
INFO   - #31 +=
INFO   - (39) Koriscenje (lokalna) promenljive 'bodovi'  tipa: int
INFO   - #40 (
INFO   - #40 (
INFO   - #48 pet
INFO   - #20 *
INFO   - (39) Koriscenje konstante 'pet'  tipa: int
INFO   - #48 jedan
INFO   - #19 -
INFO   - (39) Koriscenje konstante 'jedan'  tipa: int
INFO   - #47 1
INFO   - #41 )
INFO   - #20 *
INFO   - #47 2
INFO   - #19 -
INFO   - #40 (
INFO   - #47 3
INFO   - #22 %
INFO   - #47 2
INFO   - #18 +
INFO   - #47 3
INFO   - #20 *
INFO   - #47 2
INFO   - #19 -
INFO   - #47 3
INFO   - #41 )
INFO   - #19 -
INFO   - #47 1
INFO   - #20 *
INFO   - #47 0
INFO   - #41 )
INFO   - #38 ;
INFO   - Izvrena operacija = (assignop)
INFO   - #13 print
INFO   - #40 (
INFO   - #48 bodovi
INFO   - #41 )
INFO   - (40) Koriscenje (lokalna) promenljive 'bodovi'  tipa: int
INFO   - #38 ;
INFO   - #14 read
INFO   - #40 (
INFO   - #48 bodovi
INFO   - #41 )
INFO   - (43) Koriscenje (lokalna) promenljive 'bodovi'  tipa: int
INFO   - #38 ;
INFO   - #48 bodovi
INFO   - #17 =
INFO   - (44) Koriscenje (lokalna) promenljive 'bodovi'  tipa: int
INFO   - #48 bodovi
INFO   - #18 +
INFO   - (44) Koriscenje (lokalna) promenljive 'bodovi'  tipa: int
INFO   - #47 1
INFO   - #38 ;
INFO   - Izvrena operacija = (assignop)
INFO   - #13 print
INFO   - #40 (
INFO   - #48 bodovi
INFO   - #41 )
INFO   - (45) Koriscenje (lokalna) promenljive 'bodovi'  tipa: int
INFO   - #38 ;
INFO   - #43 }
INFO   - #43 }
INFO   - 

INFO   - 

==========================SINTAKSNA ANALIZA============================

INFO   - 
--------------------------------- A -----------------------------------
INFO   - Broj definicija globalnih promenljivih = 2
INFO   - Broj definicija lokalnih promeljivih (u main funkciji) = 1
INFO   - Broj definicije globalnih konstanti = 2
INFO   - 
--------------------------------- B -----------------------------------
INFO   - Broj definicija globalniih i statickih funkicja unutrasnjih klasa = 1
INFO   - Broj poziv funkicje u telu metode main = 7
INFO   - Broj delaracija formalnih argumenata funkcije  = 0
INFO   - 
--------------------------------- C -----------------------------------
INFO   - Broj definicjije unutrasnjih klasa = 0
INFO   - Broj defiicije metoda unutrasnjih klasa = 0
INFO   - Broj deklaracija polja unutrasnjih klasa = 0

=====================SYMBOL TABLE DUMP=========================
Type int: int, -1, -1 
Type char: char, -1, -1 
Con eol: char, 10, 0 
Con null: Class [], 0, 0 
Meth chr: char, 0, 1 
   Var i: int, 0, 1 

Meth ord: int, 0, 1 
   Var ch: char, 0, 1 

Meth len: int, 0, 1 
   Var arr: Arr of notype, 0, 1 

Type bool: bool, -1, -1 
Prog test301: notype, 0, 1 
   Con jedan: int, 1, 0 
   Con pet: int, 5, 0 
   Var niz: Arr of int, 0, 0 
   Var nizch: Arr of char, 1, 0 
   Meth main: notype, 0, 0 
      Var bodovi: int, 0, 1 



INFO   - Parsiranje uspesno zavrseno!
